david@XPS-9350-01:~$ ll
total 176
drwxr-xr-x 27 david david  4096 Jul 31 20:57 ./
drwxr-xr-x  3 root  root   4096 Mar 13 00:42 ../
drwx------  3 david david  4096 Jul 26 02:59 .adobe/
-rw-------  1 david david  5030 Jul 31 21:00 .bash_history
-rw-r--r--  1 david david   220 Mar 13 00:42 .bash_logout
-rw-r--r--  1 david david  3930 Jul 31 21:00 .bashrc
drwx------ 21 david david  4096 Jul 31 20:32 .cache/
drwx------ 23 david david  4096 Jul 28 02:23 .config/
drwx------  3 root  root   4096 Apr 25 20:15 .dbus/
drwxr-xr-x  2 david david  4096 Jul 22 01:11 Desktop/
-rw-r--r--  1 david david    25 Mar 13 00:49 .dmrc
drwxr-xr-x  2 david david  4096 Apr 23 23:24 Documents/
drwxr-xr-x  2 david david  4096 Jul 18 09:09 Downloads/
-rw-r--r--  1 david david  8980 Mar 13 00:42 examples.desktop
drwx------  2 david david  4096 Jul 31 20:50 .gconf/
drwxr-xr-x 24 david david  4096 Apr 23 23:24 .gimp-2.8/
-rw-rw-r--  1 david david    52 Jul 31 19:20 .gitconfig
drwx------  3 david david  4096 Mar 14 02:51 .gnome/
drwx------  3 david david  4096 Jul 31 04:27 .gnupg/
-rw-------  1 david david 10816 Jul 31 04:27 .ICEauthority
drwxrwxr-x  9 david david  4096 Jul 31 20:46 .linuxbrew/
drwx------  3 david david  4096 Mar 13 00:49 .local/
drwx------  3 david david  4096 Jul 26 02:59 .macromedia/
drwx------  4 david david  4096 Mar 13 22:48 .mozilla/
drwxr-xr-x  3 david david  4096 Jul 27 09:42 Music/
drwxrwxr-x  2 david david  4096 Jul 31 20:57 node_modules/
-rw-rw-r--  1 david david    33 Jul 31 20:45 .node_repl_history
drwxr-xr-x  5 david david  4096 Jul 31 20:35 .npm/
drwxr-xr-x  2 david david  4096 May 13 07:38 Pictures/
drwx------  3 david david  4096 Mar 14 02:51 .pki/
-rw-r--r--  1 david david   655 Mar 13 00:42 .profile
drwxrwxr-x  5 david david  4096 Jul 31 19:11 projects/
drwxr-xr-x  2 david david  4096 Mar 13 00:49 Public/
-rw-r--r--  1 david david     0 Mar 14 02:55 .sudo_as_admin_successful
drwxr-xr-x  2 david david  4096 Mar 13 00:49 Templates/
drwx------  3 david david  4096 Apr 22 23:53 .thumbnails/
drwxr-xr-x  2 david david  4096 Mar 13 00:49 Videos/
-rw-------  1 david david    56 Jul 31 04:27 .Xauthority
-rw-------  1 david david    82 Jul 31 04:27 .xsession-errors
-rw-------  1 david david  1327 Jul 28 09:12 .xsession-errors.old
david@XPS-9350-01:~$ brew install git
Error: undefined method `rebuild' for #<BottleSpecification:0x00000002513c48>
Please report this bug:
    https://github.com/Linuxbrew/linuxbrew/blob/master/share/doc/homebrew/Troubleshooting.md#troubleshooting
/home/david/.linuxbrew/Library/Taps/homebrew/homebrew-core/Formula/git.rb:9:in `block in <class:Git>'
/home/david/.linuxbrew/Library/Homebrew/software_spec.rb:91:in `instance_eval'
/home/david/.linuxbrew/Library/Homebrew/software_spec.rb:91:in `bottle'
/home/david/.linuxbrew/Library/Homebrew/formula.rb:1729:in `bottle'
/home/david/.linuxbrew/Library/Taps/homebrew/homebrew-core/Formula/git.rb:8:in `<class:Git>'
/home/david/.linuxbrew/Library/Taps/homebrew/homebrew-core/Formula/git.rb:1:in `load_formula'
/home/david/.linuxbrew/Library/Homebrew/formulary.rb:21:in `module_eval'
/home/david/.linuxbrew/Library/Homebrew/formulary.rb:21:in `load_formula'
/home/david/.linuxbrew/Library/Homebrew/formulary.rb:34:in `load_formula_from_path'
/home/david/.linuxbrew/Library/Homebrew/formulary.rb:83:in `load_file'
/home/david/.linuxbrew/Library/Homebrew/formulary.rb:74:in `klass'
/home/david/.linuxbrew/Library/Homebrew/formulary.rb:70:in `get_formula'
/home/david/.linuxbrew/Library/Homebrew/formulary.rb:207:in `factory'
/home/david/.linuxbrew/Library/Homebrew/formulary.rb:352:in `find_with_priority'
/home/david/.linuxbrew/Library/Homebrew/extend/ARGV.rb:20:in `block in formulae'
/home/david/.linuxbrew/Library/Homebrew/extend/ARGV.rb:16:in `map'
/home/david/.linuxbrew/Library/Homebrew/extend/ARGV.rb:16:in `formulae'
/home/david/.linuxbrew/Library/Homebrew/cmd/install.rb:44:in `install'
/home/david/.linuxbrew/Library/brew.rb:84:in `<main>'
david@XPS-9350-01:~$ git
usage: git [--version] [--help] [-C <path>] [-c name=value]
           [--exec-path[=<path>]] [--html-path] [--man-path] [--info-path]
           [-p | --paginate | --no-pager] [--no-replace-objects] [--bare]
           [--git-dir=<path>] [--work-tree=<path>] [--namespace=<name>]
           <command> [<args>]

These are common Git commands used in various situations:

start a working area (see also: git help tutorial)
   clone      Clone a repository into a new directory
   init       Create an empty Git repository or reinitialize an existing one

work on the current change (see also: git help everyday)
   add        Add file contents to the index
   mv         Move or rename a file, a directory, or a symlink
   reset      Reset current HEAD to the specified state
   rm         Remove files from the working tree and from the index

examine the history and state (see also: git help revisions)
   bisect     Use binary search to find the commit that introduced a bug
   grep       Print lines matching a pattern
   log        Show commit logs
   show       Show various types of objects
   status     Show the working tree status

grow, mark and tweak your common history
   branch     List, create, or delete branches
   checkout   Switch branches or restore working tree files
   commit     Record changes to the repository
   diff       Show changes between commits, commit and working tree, etc
   merge      Join two or more development histories together
   rebase     Forward-port local commits to the updated upstream head
   tag        Create, list, delete or verify a tag object signed with GPG

collaborate (see also: git help workflows)
   fetch      Download objects and refs from another repository
   pull       Fetch from and integrate with another repository or a local branch
   push       Update remote refs along with associated objects

'git help -a' and 'git help -g' list available subcommands and some
concept guides. See 'git help <command>' or 'git help <concept>'
to read about a specific subcommand or concept.
david@XPS-9350-01:~$ which git
/usr/bin/git
david@XPS-9350-01:~$ brew install node
Error: Unsupported special dependency :perl
Please report this bug:
    https://github.com/Linuxbrew/linuxbrew/blob/master/share/doc/homebrew/Troubleshooting.md#troubleshooting
/home/david/.linuxbrew/Library/Homebrew/dependency_collector.rb:123:in `parse_symbol_spec'
/home/david/.linuxbrew/Library/Homebrew/compat/dependency_collector.rb:17:in `parse_symbol_spec'
/home/david/.linuxbrew/Library/Homebrew/dependency_collector.rb:73:in `parse_spec'
/home/david/.linuxbrew/Library/Homebrew/dependency_collector.rb:61:in `build'
/home/david/.linuxbrew/Library/Homebrew/dependency_collector.rb:48:in `block in fetch'
/home/david/.linuxbrew/Library/Homebrew/dependency_collector.rb:48:in `fetch'
/home/david/.linuxbrew/Library/Homebrew/dependency_collector.rb:48:in `fetch'
/home/david/.linuxbrew/Library/Homebrew/dependency_collector.rb:38:in `add'
/home/david/.linuxbrew/Library/Homebrew/software_spec.rb:155:in `depends_on'
/home/david/.linuxbrew/Library/Homebrew/formula.rb:1862:in `block in depends_on'
/home/david/.linuxbrew/Library/Homebrew/formula.rb:1862:in `each'
/home/david/.linuxbrew/Library/Homebrew/formula.rb:1862:in `depends_on'
/home/david/.linuxbrew/Library/Taps/homebrew/homebrew-core/Formula/openssl.rb:37:in `<class:Openssl>'
/home/david/.linuxbrew/Library/Taps/homebrew/homebrew-core/Formula/openssl.rb:4:in `load_formula'
/home/david/.linuxbrew/Library/Homebrew/formulary.rb:21:in `module_eval'
/home/david/.linuxbrew/Library/Homebrew/formulary.rb:21:in `load_formula'
/home/david/.linuxbrew/Library/Homebrew/formulary.rb:34:in `load_formula_from_path'
/home/david/.linuxbrew/Library/Homebrew/formulary.rb:83:in `load_file'
/home/david/.linuxbrew/Library/Homebrew/formulary.rb:74:in `klass'
/home/david/.linuxbrew/Library/Homebrew/formulary.rb:70:in `get_formula'
/home/david/.linuxbrew/Library/Homebrew/formulary.rb:207:in `factory'
/home/david/.linuxbrew/Library/Homebrew/dependency.rb:32:in `to_formula'
/home/david/.linuxbrew/Library/Homebrew/formula_installer.rb:381:in `block in expand_dependencies'
/home/david/.linuxbrew/Library/Homebrew/dependency.rb:106:in `block in action'
/home/david/.linuxbrew/Library/Homebrew/dependency.rb:104:in `catch'
/home/david/.linuxbrew/Library/Homebrew/dependency.rb:104:in `action'
/home/david/.linuxbrew/Library/Homebrew/dependency.rb:83:in `block in expand'
/home/david/.linuxbrew/Library/Homebrew/dependency.rb:80:in `each'
/home/david/.linuxbrew/Library/Homebrew/dependency.rb:80:in `expand'
/home/david/.linuxbrew/Library/Homebrew/formula_installer.rb:375:in `expand_dependencies'
/home/david/.linuxbrew/Library/Homebrew/formula_installer.rb:265:in `compute_dependencies'
/home/david/.linuxbrew/Library/Homebrew/formula_installer.rb:130:in `verify_deps_exist'
/home/david/.linuxbrew/Library/Homebrew/formula_installer.rb:123:in `prelude'
/home/david/.linuxbrew/Library/Homebrew/cmd/install.rb:231:in `install_formula'
/home/david/.linuxbrew/Library/Homebrew/cmd/install.rb:93:in `block in install'
/home/david/.linuxbrew/Library/Homebrew/cmd/install.rb:93:in `each'
/home/david/.linuxbrew/Library/Homebrew/cmd/install.rb:93:in `install'
/home/david/.linuxbrew/Library/brew.rb:84:in `<main>'
david@XPS-9350-01:~$ brew install git
Error: undefined method `rebuild' for #<BottleSpecification:0x00000002ac2b80>
Please report this bug:
    https://github.com/Linuxbrew/linuxbrew/blob/master/share/doc/homebrew/Troubleshooting.md#troubleshooting
/home/david/.linuxbrew/Library/Taps/homebrew/homebrew-core/Formula/git.rb:9:in `block in <class:Git>'
/home/david/.linuxbrew/Library/Homebrew/software_spec.rb:91:in `instance_eval'
/home/david/.linuxbrew/Library/Homebrew/software_spec.rb:91:in `bottle'
/home/david/.linuxbrew/Library/Homebrew/formula.rb:1729:in `bottle'
/home/david/.linuxbrew/Library/Taps/homebrew/homebrew-core/Formula/git.rb:8:in `<class:Git>'
/home/david/.linuxbrew/Library/Taps/homebrew/homebrew-core/Formula/git.rb:1:in `load_formula'
/home/david/.linuxbrew/Library/Homebrew/formulary.rb:21:in `module_eval'
/home/david/.linuxbrew/Library/Homebrew/formulary.rb:21:in `load_formula'
/home/david/.linuxbrew/Library/Homebrew/formulary.rb:34:in `load_formula_from_path'
/home/david/.linuxbrew/Library/Homebrew/formulary.rb:83:in `load_file'
/home/david/.linuxbrew/Library/Homebrew/formulary.rb:74:in `klass'
/home/david/.linuxbrew/Library/Homebrew/formulary.rb:70:in `get_formula'
/home/david/.linuxbrew/Library/Homebrew/formulary.rb:207:in `factory'
/home/david/.linuxbrew/Library/Homebrew/formulary.rb:352:in `find_with_priority'
/home/david/.linuxbrew/Library/Homebrew/extend/ARGV.rb:20:in `block in formulae'
/home/david/.linuxbrew/Library/Homebrew/extend/ARGV.rb:16:in `map'
/home/david/.linuxbrew/Library/Homebrew/extend/ARGV.rb:16:in `formulae'
/home/david/.linuxbrew/Library/Homebrew/cmd/install.rb:44:in `install'
/home/david/.linuxbrew/Library/brew.rb:84:in `<main>'
david@XPS-9350-01:~$ 
